Top-level assigning array element
Top-level assigning array element
Top-level assigning array element
Top-level assigning array element
Top-level assigning array element
Top-level assigning array element
Top-level printing given array values
2
3
1.800000
3.400000
2
3
1.800000
3.400000
2
3
1.800000
3.400000
2
3
1.800000
3.400000
2
3
1.800000
3.400000
2
3
1.800000
3.400000
Top-level printing given array values
8
3
8.600000
3.400000
8
3
8.600000
3.400000
8
3
8.600000
3.400000
8
3
8.600000
3.400000
8
3
8.600000
3.400000
8
3
8.600000
3.400000
