Top-level assigning array element
Top-level assigning array element
Top-level assigning array element
Top-level assigning array element
Top-level assigning array element
Top-level assigning array element
Top-level assigning array element
Top-level assigning array element
Top-level assigning array element
Top-level assigning array element
Top-level printing given array values
0
1
2
3
4
5
6
7
8
9
Printing given array values inside fn `input_array`
0
1
2
3
4
5
6
7
8
9
Assigning array element inside fn `input_array`
Assigning array element inside fn `input_array`
Assigning array element inside fn `input_array`
Assigning array element inside fn `input_array`
Assigning array element inside fn `input_array`
Assigning array element inside fn `input_array`
Assigning array element inside fn `input_array`
Assigning array element inside fn `input_array`
Assigning array element inside fn `input_array`
Assigning array element inside fn `input_array`
Printing given array values inside fn `input_array`
66
66
66
66
66
66
66
66
66
66
Top-level printing given array values
66
66
66
66
66
66
66
66
66
66
