Top-level assigning array element
Top-level printing given array values
26
3
0.800000
0.300000
26
3
0.800000
0.300000
26
3
0.800000
0.300000
26
3
0.800000
0.300000
26
3
0.800000
0.300000
26
3
0.800000
0.300000
Printing the first and second integer and float arrays
2
3
8.888889
0.300000
2
3
8.888889
0.300000
2
3
8.888889
0.300000
2
3
8.888889
0.300000
2
3
8.888889
0.300000
2
3
8.888889
0.300000
Printing final_float_array (aka integer[] / float[])
10.000000
10.000000
10.000000
10.000000
10.000000
10.000000
