Enter an integer:
Enter a float:
Enter a bool:
Enter a char:
Results:
44
33.000000
1
a
