Printing |float_array| after |CastIntegerArrayToFloatArray()|:
2.000000
2.000000
2.000000
2.000000
2.000000
2.000000
