Starting out with &&
Logical and was true
Logical and was false
Logical and was false
Switching to ||
Logical or was true
Logical or was true
Logical or was false
