Top-level assigning array element
Top-level printing given array values
0
0
0.000000
0.000000
1
1
1.000000
1.000000
2
2
2.000000
2.000000
3
3
3.000000
3.000000
4
4
4.000000
4.000000
5
5
5.000000
5.000000
Printing the first and second integer andn float arrays
0
0
0.000000
0.000000
1
1
1.000000
1.000000
8
2
8.000000
2.000000
27
3
27.000000
3.000000
64
4
64.000000
4.000000
125
5
125.000000
5.000000
Printing final_float_array (aka integer[] + float[])
0.000000
1.000000
4.000000
9.000000
16.000000
25.000000
