Before:
123
123.034930
0
a
initial
After:
357
234.093240
1
d
i have been modified!
