Top-level assigning array element
Top-level assigning array element
Top-level assigning array element
Top-level assigning array element
Top-level assigning array element
Top-level assigning array element
Top-level assigning array element
Top-level assigning array element
Top-level assigning array element
Top-level assigning array element
Top-level printing given array values
original
original
original
original
original
original
original
original
original
original
Printing given array values inside fn `input_array`
original
original
original
original
original
original
original
original
original
original
Assigning array element inside fn `input_array`
Assigning array element inside fn `input_array`
Assigning array element inside fn `input_array`
Assigning array element inside fn `input_array`
Assigning array element inside fn `input_array`
Assigning array element inside fn `input_array`
Assigning array element inside fn `input_array`
Assigning array element inside fn `input_array`
Assigning array element inside fn `input_array`
Assigning array element inside fn `input_array`
Printing given array values inside fn `input_array`
modify
modify
modify
modify
modify
modify
modify
modify
modify
modify
Top-level printing given array values
modify
modify
modify
modify
modify
modify
modify
modify
modify
modify
