myString:
dominic
stringArg:
dominic
stringArg:
farolino
myString:
dominic
