Top-level assigning array element
Top-level assigning array element
Top-level assigning array element
Top-level assigning array element
Top-level assigning array element
Top-level assigning array element
Top-level printing given array values
2
3
0.800000
0.300000
2
3
0.800000
0.300000
2
3
0.800000
0.300000
2
3
0.800000
0.300000
2
3
0.800000
0.300000
2
3
0.800000
0.300000
Printing the first and second integer andn float arrays
-4
3
0.200000
0.300000
-4
3
0.200000
0.300000
-4
3
0.200000
0.300000
-4
3
0.200000
0.300000
-4
3
0.200000
0.300000
-4
3
0.200000
0.300000
Printing final_float_array (aka integer[] - float[])
2.700000
2.700000
2.700000
2.700000
2.700000
2.700000
